[  132245ms] [ERROR] Failed to load resource: the server responded with a status of 404 (Not Found) @ https://bigdata.sbiz.or.kr/assets/assets/SubMyStorReportEx-VXeGwMOf.js:0
[  132266ms] [ERROR] Failed to load resource: the server responded with a status of 404 (Not Found) @ https://bigdata.sbiz.or.kr/assets/assets/five_num_05-ASJk2o1X.js:0
[  132290ms] [ERROR] Failed to load resource: the server responded with a status of 404 (Not Found) @ https://bigdata.sbiz.or.kr/assets/assets/QTooltip-BwnqKY23.js:0
[  132310ms] [ERROR] Failed to load resource: the server responded with a status of 404 (Not Found) @ https://bigdata.sbiz.or.kr/assets/assets/position-engine-BavC4_U4.js:0
[  132330ms] [ERROR] Failed to load resource: the server responded with a status of 404 (Not Found) @ https://bigdata.sbiz.or.kr/assets/assets/highcharts-vue.min-DoprnKPW.js:0
[  132353ms] [ERROR] Failed to load resource: the server responded with a status of 404 (Not Found) @ https://bigdata.sbiz.or.kr/assets/assets/accessibility.src-CLXPCwdU.js:0
[  132373ms] [ERROR] Failed to load resource: the server responded with a status of 404 (Not Found) @ https://bigdata.sbiz.or.kr/assets/assets/highcharts-more.src-B7Obf6H9.js:0
[  132395ms] [ERROR] Failed to load resource: the server responded with a status of 404 (Not Found) @ https://bigdata.sbiz.or.kr/assets/assets/SubMyStorReport-CK3sk5Rb.js:0
[  132417ms] [ERROR] Failed to load resource: the server responded with a status of 404 (Not Found) @ https://bigdata.sbiz.or.kr/assets/assets/StorStatus-BT7BHQ6M.js:0
[  132439ms] [ERROR] Failed to load resource: the server responded with a status of 404 (Not Found) @ https://bigdata.sbiz.or.kr/assets/assets/use-quasar-C6-8Apgd.js:0
[  132460ms] [ERROR] Failed to load resource: the server responded with a status of 404 (Not Found) @ https://bigdata.sbiz.or.kr/assets/assets/highcharts-wyA5zxIt.js:0
[  132484ms] [ERROR] Failed to load resource: the server responded with a status of 404 (Not Found) @ https://bigdata.sbiz.or.kr/assets/assets/SubLayout-DfwLxKBL.js:0
[  132507ms] [ERROR] Failed to load resource: the server responded with a status of 404 (Not Found) @ https://bigdata.sbiz.or.kr/assets/assets/QTabs-BwLUvvlA.js:0
[  132528ms] [ERROR] Failed to load resource: the server responded with a status of 404 (Not Found) @ https://bigdata.sbiz.or.kr/assets/assets/rtl-DFPa-2ov.js:0
[  132550ms] [ERROR] Failed to load resource: the server responded with a status of 404 (Not Found) @ https://bigdata.sbiz.or.kr/assets/assets/ChevronRightIcon-Wqw9eOOs.js:0
[  132577ms] [ERROR] Failed to load resource: the server responded with a status of 404 (Not Found) @ https://bigdata.sbiz.or.kr/assets/assets/ContsComponent-DYZdqS3I.js:0
[  132602ms] [ERROR] Failed to load resource: the server responded with a status of 404 (Not Found) @ https://bigdata.sbiz.or.kr/assets/assets/Faq-BHBRlzcJ.js:0
[  132624ms] [ERROR] Failed to load resource: the server responded with a status of 404 (Not Found) @ https://bigdata.sbiz.or.kr/assets/assets/QTh-jfW4OylF.js:0
[  132653ms] [ERROR] Failed to load resource: the server responded with a status of 404 (Not Found) @ https://bigdata.sbiz.or.kr/assets/assets/QTr-D5MOZNtB.js:0
[  132680ms] [ERROR] Failed to load resource: the server responded with a status of 404 (Not Found) @ https://bigdata.sbiz.or.kr/assets/assets/QTd-huU6tvg5.js:0
[  132702ms] [ERROR] Failed to load resource: the server responded with a status of 404 (Not Found) @ https://bigdata.sbiz.or.kr/assets/assets/QItemLabel-OLkkxt9Y.js:0
[  132722ms] [ERROR] Failed to load resource: the server responded with a status of 404 (Not Found) @ https://bigdata.sbiz.or.kr/assets/assets/MyBplcInfoMng-BqOyrL_n.js:0
[  132750ms] [ERROR] Failed to load resource: the server responded with a status of 404 (Not Found) @ https://bigdata.sbiz.or.kr/assets/assets/QBanner-BAgFXFEv.js:0
[  132789ms] [ERROR] Failed to load resource: the server responded with a status of 404 (Not Found) @ https://bigdata.sbiz.or.kr/assets/assets/MyBplcInfoDetail-C3H4L-PN.js:0
[  132815ms] [ERROR] Failed to load resource: the server responded with a status of 404 (Not Found) @ https://bigdata.sbiz.or.kr/assets/assets/KakaoMap-CExTMi6W.js:0
[  132848ms] [ERROR] Failed to load resource: the server responded with a status of 404 (Not Found) @ https://bigdata.sbiz.or.kr/assets/assets/MyBplcInfoForm-DaqdHNbz.js:0
[  132877ms] [ERROR] Failed to load resource: the server responded with a status of 404 (Not Found) @ https://bigdata.sbiz.or.kr/assets/assets/MbrInfoDetail-D7e5RiVC.js:0
[  132905ms] [ERROR] Failed to load resource: the server responded with a status of 404 (Not Found) @ https://bigdata.sbiz.or.kr/assets/assets/FixesBizonSetting-7bTyfLtX.js:0
[  132936ms] [ERROR] Failed to load resource: the server responded with a status of 404 (Not Found) @ https://bigdata.sbiz.or.kr/assets/assets/QSplitter-lYZ1Jal5.js:0
[  132964ms] [ERROR] Failed to load resource: the server responded with a status of 404 (Not Found) @ https://bigdata.sbiz.or.kr/assets/assets/TouchPan-CJI2G5NU.js:0
[  132991ms] [ERROR] Failed to load resource: the server responded with a status of 404 (Not Found) @ https://bigdata.sbiz.or.kr/assets/assets/vue-draggable-next.esm-bundler-Dm8YcESa.js:0
[  133011ms] [ERROR] Failed to load resource: the server responded with a status of 404 (Not Found) @ https://bigdata.sbiz.or.kr/assets/assets/CheckCircleIcon-BwdasLFS.js:0
[  133033ms] [ERROR] Failed to load resource: the server responded with a status of 404 (Not Found) @ https://bigdata.sbiz.or.kr/assets/assets/ScrapList-C8WFsZVa.js:0
[  133056ms] [ERROR] Failed to load resource: the server responded with a status of 404 (Not Found) @ https://bigdata.sbiz.or.kr/assets/assets/BkmkList-CRhqyEbC.js:0
[  133077ms] [ERROR] Failed to load resource: the server responded with a status of 404 (Not Found) @ https://bigdata.sbiz.or.kr/assets/assets/AnlsList-CWeqL5PF.js:0
[  133098ms] [ERROR] Failed to load resource: the server responded with a status of 404 (Not Found) @ https://bigdata.sbiz.or.kr/assets/assets/intarea-DTtbgSx_.js:0
[  133118ms] [ERROR] Failed to load resource: the server responded with a status of 404 (Not Found) @ https://bigdata.sbiz.or.kr/assets/assets/QSelect-CEB6MD0J.js:0
[  133141ms] [ERROR] Failed to load resource: the server responded with a status of 404 (Not Found) @ https://bigdata.sbiz.or.kr/assets/assets/Rnk-DQMLPgQK.js:0
[  133162ms] [ERROR] Failed to load resource: the server responded with a status of 404 (Not Found) @ https://bigdata.sbiz.or.kr/assets/assets/ItrstInfo-DLM56ZU4.js:0
[  133188ms] [ERROR] Failed to load resource: the server responded with a status of 404 (Not Found) @ https://bigdata.sbiz.or.kr/assets/assets/QSpinnerGears-lbjqEHfL.js:0
[  133215ms] [ERROR] Failed to load resource: the server responded with a status of 404 (Not Found) @ https://bigdata.sbiz.or.kr/assets/assets/SubStore-DCL1PgIO.js:0
[  133237ms] [ERROR] Failed to load resource: the server responded with a status of 404 (Not Found) @ https://bigdata.sbiz.or.kr/assets/assets/MyPageMain-Co57-bMQ.js:0
[  133257ms] [ERROR] Failed to load resource: the server responded with a status of 404 (Not Found) @ https://bigdata.sbiz.or.kr/assets/assets/widgets-wMsE8bnH.js:0
[  133278ms] [ERROR] Failed to load resource: the server responded with a status of 404 (Not Found) @ https://bigdata.sbiz.or.kr/assets/assets/MyPageMainCtntSet-BI1e_Tzv.js:0
[  133300ms] [ERROR] Failed to load resource: the server responded with a status of 404 (Not Found) @ https://bigdata.sbiz.or.kr/assets/assets/PrslHstry-BYGuk4uM.js:0
[  133320ms] [ERROR] Failed to load resource: the server responded with a status of 404 (Not Found) @ https://bigdata.sbiz.or.kr/assets/assets/OhnyrShop-BlQR0wKt.js:0
[  133341ms] [ERROR] Failed to load resource: the server responded with a status of 404 (Not Found) @ https://bigdata.sbiz.or.kr/assets/assets/QPagination-Dz_JEaAV.js:0
[  133362ms] [ERROR] Failed to load resource: the server responded with a status of 404 (Not Found) @ https://bigdata.sbiz.or.kr/assets/assets/SprtBiz-DQwSQfoh.js:0
[  133383ms] [ERROR] Failed to load resource: the server responded with a status of 404 (Not Found) @ https://bigdata.sbiz.or.kr/assets/assets/ChevronDownIcon-51FgQNPX.js:0
[  133404ms] [ERROR] Failed to load resource: the server responded with a status of 404 (Not Found) @ https://bigdata.sbiz.or.kr/assets/assets/BigData-B4RKne_d.js:0
[  133426ms] [ERROR] Failed to load resource: the server responded with a status of 404 (Not Found) @ https://bigdata.sbiz.or.kr/assets/assets/DtDmndPrps-B8NMJYWq.js:0
[  133447ms] [ERROR] Failed to load resource: the server responded with a status of 404 (Not Found) @ https://bigdata.sbiz.or.kr/assets/assets/LockClosedIcon-BPLbH4rD.js:0
[  133470ms] [ERROR] Failed to load resource: the server responded with a status of 404 (Not Found) @ https://bigdata.sbiz.or.kr/assets/assets/PaperClipIcon-C6fIXIx6.js:0
[  133497ms] [ERROR] Failed to load resource: the server responded with a status of 404 (Not Found) @ https://bigdata.sbiz.or.kr/assets/assets/DtDmndPrpsForm-B6-0-oy3.js:0
[  133518ms] [ERROR] Failed to load resource: the server responded with a status of 404 (Not Found) @ https://bigdata.sbiz.or.kr/assets/assets/models-Ctz5HOAW.js:0
[  133541ms] [ERROR] Failed to load resource: the server responded with a status of 404 (Not Found) @ https://bigdata.sbiz.or.kr/assets/assets/DtDmndPrpsDetail-BKo56jP7.js:0
[  133562ms] [ERROR] Failed to load resource: the server responded with a status of 404 (Not Found) @ https://bigdata.sbiz.or.kr/assets/assets/ServiceIntro-DycYNr6p.js:0
[  133585ms] [ERROR] Failed to load resource: the server responded with a status of 404 (Not Found) @ https://bigdata.sbiz.or.kr/assets/assets/OpenapiIntro-jgDZBPPd.js:0
[  133607ms] [ERROR] Failed to load resource: the server responded with a status of 404 (Not Found) @ https://bigdata.sbiz.or.kr/assets/assets/OpenapiManualService-D-aBr8be.js:0
[  133627ms] [ERROR] Failed to load resource: the server responded with a status of 404 (Not Found) @ https://bigdata.sbiz.or.kr/assets/assets/OpenapiModify-CKDix3eG.js:0
[  133648ms] [ERROR] Failed to load resource: the server responded with a status of 404 (Not Found) @ https://bigdata.sbiz.or.kr/assets/assets/ApiCs-01DHPufA.js:0
[  133668ms] [ERROR] Failed to load resource: the server responded with a status of 404 (Not Found) @ https://bigdata.sbiz.or.kr/assets/assets/QImg-BYKilWsJ.js:0
[  133688ms] [ERROR] Failed to load resource: the server responded with a status of 404 (Not Found) @ https://bigdata.sbiz.or.kr/assets/assets/CommercialGuide-UteZnwWh.js:0
[  133709ms] [ERROR] Failed to load resource: the server responded with a status of 404 (Not Found) @ https://bigdata.sbiz.or.kr/assets/assets/gnbDataList-CW61FEbC.js:0
[  133729ms] [ERROR] Failed to load resource: the server responded with a status of 404 (Not Found) @ https://bigdata.sbiz.or.kr/assets/assets/ErrNotice-CEs5Pifx.js:0
[  133751ms] [ERROR] Failed to load resource: the server responded with a status of 404 (Not Found) @ https://bigdata.sbiz.or.kr/assets/assets/BellIcon-B3R5pjQK.js:0
[  133772ms] [ERROR] Failed to load resource: the server responded with a status of 404 (Not Found) @ https://bigdata.sbiz.or.kr/assets/assets/ErrForm-Baqa6Ym8.js:0
[  133798ms] [ERROR] Failed to load resource: the server responded with a status of 404 (Not Found) @ https://bigdata.sbiz.or.kr/assets/assets/Help-CpjgR5rQ.js:0
[  133821ms] [ERROR] Failed to load resource: the server responded with a status of 404 (Not Found) @ https://bigdata.sbiz.or.kr/assets/assets/MegaphoneIcon-vVNqFPuZ.js:0
[  133842ms] [ERROR] Failed to load resource: the server responded with a status of 404 (Not Found) @ https://bigdata.sbiz.or.kr/assets/assets/Notice-CYt9LIw1.js:0
[  133865ms] [ERROR] Failed to load resource: the server responded with a status of 404 (Not Found) @ https://bigdata.sbiz.or.kr/assets/assets/NoitceDetail-BuaNCbBi.js:0
[  133889ms] [ERROR] Failed to load resource: the server responded with a status of 404 (Not Found) @ https://bigdata.sbiz.or.kr/assets/assets/SurveyForm-CYYfaSm9.js:0
[  133910ms] [ERROR] Failed to load resource: the server responded with a status of 404 (Not Found) @ https://bigdata.sbiz.or.kr/assets/assets/FolderIcon-DASXtxIk.js:0
[  133931ms] [ERROR] Failed to load resource: the server responded with a status of 404 (Not Found) @ https://bigdata.sbiz.or.kr/assets/assets/Qna-aBooBhpZ.js:0
[  133953ms] [ERROR] Failed to load resource: the server responded with a status of 404 (Not Found) @ https://bigdata.sbiz.or.kr/assets/assets/QnaForm-Cqvu26yt.js:0
[  133977ms] [ERROR] Failed to load resource: the server responded with a status of 404 (Not Found) @ https://bigdata.sbiz.or.kr/assets/assets/Mgzn-DVnpK_xt.js:0
[  134000ms] [ERROR] Failed to load resource: the server responded with a status of 404 (Not Found) @ https://bigdata.sbiz.or.kr/assets/assets/MyDataDetail-DV-tVCmR.js:0
[  134023ms] [ERROR] Failed to load resource: the server responded with a status of 404 (Not Found) @ https://bigdata.sbiz.or.kr/assets/assets/Pdf.vue_vue_type_script_setup_true_lang-BcGWv1Jo.js:0
[  134044ms] [ERROR] Failed to load resource: the server responded with a status of 404 (Not Found) @ https://bigdata.sbiz.or.kr/assets/assets/index-Cha63YoO.js:0
[  134072ms] [ERROR] Failed to load resource: the server responded with a status of 404 (Not Found) @ https://bigdata.sbiz.or.kr/assets/assets/_commonjs-dynamic-modules-TDtrdbi3.js:0
[  134092ms] [ERROR] Failed to load resource: the server responded with a status of 404 (Not Found) @ https://bigdata.sbiz.or.kr/assets/assets/MyDataForm-BREsgBJv.js:0
[  134115ms] [ERROR] Failed to load resource: the server responded with a status of 404 (Not Found) @ https://bigdata.sbiz.or.kr/assets/assets/QTab-CwdSi0P8.js:0
[  134136ms] [ERROR] Failed to load resource: the server responded with a status of 404 (Not Found) @ https://bigdata.sbiz.or.kr/assets/assets/QTabPanels-mVXhDlIW.js:0
[  134159ms] [ERROR] Failed to load resource: the server responded with a status of 404 (Not Found) @ https://bigdata.sbiz.or.kr/assets/assets/StorSttus-CPODK4kM.js:0
[  134185ms] [ERROR] Failed to load resource: the server responded with a status of 404 (Not Found) @ https://bigdata.sbiz.or.kr/assets/assets/QTable-BphA3uk7.js:0
[  134206ms] [ERROR] Failed to load resource: the server responded with a status of 404 (Not Found) @ https://bigdata.sbiz.or.kr/assets/assets/SlsIdex-Dx-Cf41V.js:0
[  134229ms] [ERROR] Failed to load resource: the server responded with a status of 404 (Not Found) @ https://bigdata.sbiz.or.kr/assets/assets/BaeminIdex-BP-F-jOQ.js:0
[  134258ms] [ERROR] Failed to load resource: the server responded with a status of 404 (Not Found) @ https://bigdata.sbiz.or.kr/assets/assets/RgnSttus-DNewuGlh.js:0
[  134280ms] [ERROR] Failed to load resource: the server responded with a status of 404 (Not Found) @ https://bigdata.sbiz.or.kr/assets/assets/DynpplSttus-ciJIfus6.js:0
[  134302ms] [ERROR] Failed to load resource: the server responded with a status of 404 (Not Found) @ https://bigdata.sbiz.or.kr/assets/assets/RsdpplSttus-DHr78NRf.js:0
[  134324ms] [ERROR] Failed to load resource: the server responded with a status of 404 (Not Found) @ https://bigdata.sbiz.or.kr/assets/assets/WrcpplSttus-B--gtEny.js:0
[  134345ms] [ERROR] Failed to load resource: the server responded with a status of 404 (Not Found) @ https://bigdata.sbiz.or.kr/assets/assets/SurveyResult-oqgbjNaA.js:0
[  134366ms] [ERROR] Failed to load resource: the server responded with a status of 404 (Not Found) @ https://bigdata.sbiz.or.kr/assets/assets/SurveyStep-DFwnu7tW.js:0
[  134391ms] [ERROR] Failed to load resource: the server responded with a status of 404 (Not Found) @ https://bigdata.sbiz.or.kr/assets/assets/Weather-B8udWuQ7.js:0
[  134428ms] [ERROR] Failed to load resource: the server responded with a status of 404 (Not Found) @ https://bigdata.sbiz.or.kr/assets/assets/highcharts-CLk-i_O3.js:0
[  134452ms] [ERROR] Failed to load resource: the server responded with a status of 404 (Not Found) @ https://bigdata.sbiz.or.kr/assets/assets/highcharts-more-CWQDkDj_.js:0
[  134475ms] [ERROR] Failed to load resource: the server responded with a status of 404 (Not Found) @ https://bigdata.sbiz.or.kr/assets/assets/SnsAnls-bYa6NMrW.js:0
[  134494ms] [ERROR] Failed to load resource: the server responded with a status of 404 (Not Found) @ https://bigdata.sbiz.or.kr/assets/assets/SnsAnlsChartComp.vue_vue_type_script_setup_true_lang-D11BDocE.js:0
[  134514ms] [ERROR] Failed to load resource: the server responded with a status of 404 (Not Found) @ https://bigdata.sbiz.or.kr/assets/assets/Kipris-sSS8_i1G.js:0
[  134534ms] [ERROR] Failed to load resource: the server responded with a status of 404 (Not Found) @ https://bigdata.sbiz.or.kr/assets/assets/ExprtCpctApproach-CU-1rvYU.js:0
[  134556ms] [ERROR] Failed to load resource: the server responded with a status of 404 (Not Found) @ https://bigdata.sbiz.or.kr/assets/assets/dgnss.css_vue_type_style_index_0_src_true_lang-BCRweE2I.js:0
[  134582ms] [ERROR] Failed to load resource: the server responded with a status of 404 (Not Found) @ https://bigdata.sbiz.or.kr/assets/assets/ExprtCpctResult-CCCie8__.js:0
[  134603ms] [ERROR] Failed to load resource: the server responded with a status of 404 (Not Found) @ https://bigdata.sbiz.or.kr/assets/assets/DigitalLvlApproach-D6rg6Hg6.js:0
[  134624ms] [ERROR] Failed to load resource: the server responded with a status of 404 (Not Found) @ https://bigdata.sbiz.or.kr/assets/assets/DigitalLvlResult-CeSFwt7J.js:0
[  134646ms] [ERROR] Failed to load resource: the server responded with a status of 404 (Not Found) @ https://bigdata.sbiz.or.kr/assets/assets/OpenApiApplyResult-J-8yyekx.js:0
[  134668ms] [ERROR] Failed to load resource: the server responded with a status of 404 (Not Found) @ https://bigdata.sbiz.or.kr/assets/assets/Stat-CGJZMb62.js:0
[  134693ms] [ERROR] Failed to load resource: the server responded with a status of 404 (Not Found) @ https://bigdata.sbiz.or.kr/assets/assets/SrchLayout-_gz12xf-.js:0
[  134714ms] [ERROR] Failed to load resource: the server responded with a status of 404 (Not Found) @ https://bigdata.sbiz.or.kr/assets/assets/TheSns-80qizW3h.js:0
[  134735ms] [ERROR] Failed to load resource: the server responded with a status of 404 (Not Found) @ https://bigdata.sbiz.or.kr/assets/assets/DashBoard-BOxUA5YE.js:0
[  134755ms] [ERROR] Failed to load resource: the server responded with a status of 404 (Not Found) @ https://bigdata.sbiz.or.kr/assets/assets/essential-DnKLPwNf.js:0
[  134775ms] [ERROR] Failed to load resource: the server responded with a status of 404 (Not Found) @ https://bigdata.sbiz.or.kr/assets/assets/exceljs.min-Bu-AGW25.js:0
[  134803ms] [ERROR] Failed to load resource: the server responded with a status of 404 (Not Found) @ https://bigdata.sbiz.or.kr/assets/assets/register-TnudAbfZ.js:0
